node.exe : ÔÜá 
`images.domains` is 
deprecated in favor of 
`images.remotePatterns`. 
Please update 
next.config.js to protect 
your application from 
malicious users.
At line:1 char:1
+ & "C:\Program 
Files\nodejs/node.exe" 
"C:\Program 
Files\nodejs/node_mo ...
+ ~~~~~~~~~~~~~~~~~~~~~~~~~~
~~~~~~~~~~~~~~~~~~~~~~~~~~~~
~~~~~~~~~~~~~~~
    + CategoryInfo          
    : NotSpecified: (ÔÜá `  
  images.dom...alicious u   
 sers.:String) [], Remot    
eException
    + FullyQualifiedErrorId 
    : NativeCommandError
 
Ô¿» Unable to acquire lock 
at C:\Users\wcast\Downloads\
ezzon-main\ezzon-main\.next\
lock, is another instance 
of next build running?
  Suggestion: If you intended to restart next build, terminate the other process, and then try again.
